MPLINK 4.49, Linker
Linker Map File - Created Sat Aug 19 12:46:15 2017

                                 Section Info
                  Section       Type    Address   Location Size(Bytes)
                ---------  ---------  ---------  ---------  ---------
                   .org_0       code   0x000000    program   0x000000
                   .org_1       code   0x000000    program   0x000002
                   .org_2       code   0x000005    program   0x000038



                              Program Memory Usage 
                               Start         End      
                           ---------   ---------      
                            0x000000    0x000000      
                            0x000005    0x000020      
            29 out of 8454 program addresses used, program memory utilization is 0%



                              Symbols - Sorted by Name
                     Name    Address   Location    Storage File                     
                ---------  ---------  ---------  --------- ---------                
                    CICLO   0x00000d    program     static C:\Users\Micros\Documents\3\Problema3.asm
                      dos   0x000018    program     static C:\Users\Micros\Documents\3\Problema3.asm
                   inicio   0x000005    program     static C:\Users\Micros\Documents\3\Problema3.asm
                    loop2   0x00000b    program     static C:\Users\Micros\Documents\3\Problema3.asm
                  retardo   0x000014    program     static C:\Users\Micros\Documents\3\Problema3.asm
                     tres   0x000016    program     static C:\Users\Micros\Documents\3\Problema3.asm
                      uno   0x00001a    program     static C:\Users\Micros\Documents\3\Problema3.asm



                              Symbols - Sorted by Address
                     Name    Address   Location    Storage File                     
                ---------  ---------  ---------  --------- ---------                
                   inicio   0x000005    program     static C:\Users\Micros\Documents\3\Problema3.asm
                    loop2   0x00000b    program     static C:\Users\Micros\Documents\3\Problema3.asm
                    CICLO   0x00000d    program     static C:\Users\Micros\Documents\3\Problema3.asm
                  retardo   0x000014    program     static C:\Users\Micros\Documents\3\Problema3.asm
                     tres   0x000016    program     static C:\Users\Micros\Documents\3\Problema3.asm
                      dos   0x000018    program     static C:\Users\Micros\Documents\3\Problema3.asm
                      uno   0x00001a    program     static C:\Users\Micros\Documents\3\Problema3.asm


